<?xml version="1.0" encoding="utf-8"?><testsuites name="pytest tests"><testsuite name="pytest" errors="0" failures="0" skipped="0" tests="36" time="0.027" timestamp="2025-10-12T13:41:56.366510+01:00" hostname="Mac.mhs"><testcase classname="tests.templates.test_maui_appshell_structure.TestMauiAppShellStructure" name="test_template_directory_exists" time="0.000" /><testcase classname="tests.templates.test_maui_appshell_structure.TestMauiAppShellStructure" name="test_required_configuration_files_exist" time="0.000" /><testcase classname="tests.templates.test_maui_appshell_structure.TestMauiAppShellStructure" name="test_required_directories_exist" time="0.000" /><testcase classname="tests.templates.test_maui_appshell_structure.TestManifestJson" name="test_manifest_json_is_valid" time="0.000" /><testcase classname="tests.templates.test_maui_appshell_structure.TestManifestJson" name="test_manifest_required_fields" time="0.000" /><testcase classname="tests.templates.test_maui_appshell_structure.TestManifestJson" name="test_manifest_name_is_correct" time="0.000" /><testcase classname="tests.templates.test_maui_appshell_structure.TestManifestJson" name="test_manifest_technology_is_dotnet_maui" time="0.000" /><testcase classname="tests.templates.test_maui_appshell_structure.TestManifestJson" name="test_manifest_architecture_has_patterns" time="0.000" /><testcase classname="tests.templates.test_maui_appshell_structure.TestManifestJson" name="test_manifest_architecture_has_layers" time="0.000" /><testcase classname="tests.templates.test_maui_appshell_structure.TestManifestJson" name="test_manifest_templates_section" time="0.000" /><testcase classname="tests.templates.test_maui_appshell_structure.TestManifestJson" name="test_manifest_agents_section" time="0.000" /><testcase classname="tests.templates.test_maui_appshell_structure.TestManifestJson" name="test_manifest_testing_configuration" time="0.000" /><testcase classname="tests.templates.test_maui_appshell_structure.TestSettingsJson" name="test_settings_json_is_valid" time="0.000" /><testcase classname="tests.templates.test_maui_appshell_structure.TestSettingsJson" name="test_settings_naming_conventions" time="0.000" /><testcase classname="tests.templates.test_maui_appshell_structure.TestSettingsJson" name="test_settings_layer_configuration" time="0.000" /><testcase classname="tests.templates.test_maui_appshell_structure.TestSettingsJson" name="test_settings_erroror_configuration" time="0.000" /><testcase classname="tests.templates.test_maui_appshell_structure.TestTemplateFiles" name="test_domain_templates_exist" time="0.000" /><testcase classname="tests.templates.test_maui_appshell_structure.TestTemplateFiles" name="test_repository_templates_exist" time="0.000" /><testcase classname="tests.templates.test_maui_appshell_structure.TestTemplateFiles" name="test_service_templates_exist" time="0.000" /><testcase classname="tests.templates.test_maui_appshell_structure.TestTemplateFiles" name="test_presentation_templates_exist" time="0.000" /><testcase classname="tests.templates.test_maui_appshell_structure.TestTemplateFiles" name="test_testing_templates_exist" time="0.000" /><testcase classname="tests.templates.test_maui_appshell_structure.TestAgentSpecifications" name="test_agent_files_exist" time="0.000" /><testcase classname="tests.templates.test_maui_appshell_structure.TestAgentSpecifications" name="test_agent_files_have_required_sections" time="0.000" /><testcase classname="tests.templates.test_maui_appshell_structure.TestTemplatePlaceholders" name="test_domain_templates_have_placeholders" time="0.000" /><testcase classname="tests.templates.test_maui_appshell_structure.TestTemplatePlaceholders" name="test_repository_templates_have_placeholders" time="0.000" /><testcase classname="tests.templates.test_maui_appshell_structure.TestTemplatePlaceholders" name="test_service_templates_have_placeholders" time="0.000" /><testcase classname="tests.templates.test_maui_appshell_structure.TestTemplatePlaceholders" name="test_presentation_templates_have_placeholders" time="0.000" /><testcase classname="tests.templates.test_maui_appshell_structure.TestNamingConventions" name="test_domain_template_naming" time="0.000" /><testcase classname="tests.templates.test_maui_appshell_structure.TestNamingConventions" name="test_repository_template_naming" time="0.000" /><testcase classname="tests.templates.test_maui_appshell_structure.TestNamingConventions" name="test_service_template_naming" time="0.000" /><testcase classname="tests.templates.test_maui_appshell_structure.TestNamingConventions" name="test_agent_file_naming" time="0.000" /><testcase classname="tests.templates.test_maui_appshell_structure.TestDocumentationCompleteness" name="test_claude_md_exists_and_complete" time="0.000" /><testcase classname="tests.templates.test_maui_appshell_structure.TestDocumentationCompleteness" name="test_readme_exists_and_complete" time="0.000" /><testcase classname="tests.templates.test_maui_appshell_structure.TestTemplateCompleteness" name="test_template_file_count" time="0.000" /><testcase classname="tests.templates.test_maui_appshell_structure.TestTemplateCompleteness" name="test_all_templates_have_content" time="0.001" /><testcase classname="tests.templates.test_maui_appshell_structure.TestTemplateCompleteness" name="test_configuration_matches_actual_files" time="0.000" /></testsuite></testsuites>